src/components/evaluations/SkinfoldForm.tsx(81,11): error TS2322: Type 'number | null' is not assignable to type 'number'.
  Type 'null' is not assignable to type 'number'.
src/components/evaluations/SkinfoldForm.tsx(82,11): error TS2322: Type 'number | null' is not assignable to type 'number'.
  Type 'null' is not assignable to type 'number'.
src/components/evaluations/SkinfoldForm.tsx(83,11): error TS2322: Type 'number | null' is not assignable to type 'number'.
  Type 'null' is not assignable to type 'number'.
src/components/evaluations/SkinfoldForm.tsx(84,11): error TS2322: Type 'number | null' is not assignable to type 'number'.
  Type 'null' is not assignable to type 'number'.
src/components/evaluations/SkinfoldForm.tsx(85,11): error TS2322: Type 'number | null' is not assignable to type 'number'.
  Type 'null' is not assignable to type 'number'.
src/components/evaluations/SkinfoldForm.tsx(86,11): error TS2322: Type 'number | null' is not assignable to type 'number'.
  Type 'null' is not assignable to type 'number'.
src/components/evaluations/SkinfoldForm.tsx(87,11): error TS2322: Type 'number | null' is not assignable to type 'number'.
  Type 'null' is not assignable to type 'number'.
src/components/evaluations/SkinfoldForm.tsx(88,11): error TS2322: Type 'number | null' is not assignable to type 'number'.
  Type 'null' is not assignable to type 'number'.
src/components/evaluations/SkinfoldForm.tsx(89,11): error TS2322: Type 'number | null' is not assignable to type 'number'.
  Type 'null' is not assignable to type 'number'.
src/components/evaluations/SkinfoldForm.tsx(90,11): error TS2322: Type 'number | null' is not assignable to type 'number'.
  Type 'null' is not assignable to type 'number'.
src/components/organisms/Chat.tsx(9,88): error TS2305: Module '"lucide-react"' has no exported member 'Microphone'.
src/components/settings/CombinedSettingsForm.tsx(252,52): error TS2345: Argument of type '{ profile: { name: string; professional_title: string | null; gender: string | null; profile_picture: File | null; settings: { theme: string; language: string; notifications_email: boolean; notifications_push: boolean; }; }; branding: { ...; }; }' is not assignable to parameter of type 'UpdateCombinedSettings'.
  The types of 'branding.logo' are incompatible between these types.
    Type 'File | null' is not assignable to type 'string | undefined'.
      Type 'null' is not assignable to type 'string | undefined'.
src/services/settings-service.ts(116,9): error TS2358: The left-hand side of an 'instanceof' expression must be of type 'any', an object type or a type parameter.
src/services/settings-service.ts(121,9): error TS2358: The left-hand side of an 'instanceof' expression must be of type 'any', an object type or a type parameter.
